// Jest Snapshot v1, https://goo.gl/fbAQLP

exports[`<LandingPage /> it renders correctly 1`] = `
<div>
  <LandingHeader />
  <LandingContent />
</div>
`;
