// Jest Snapshot v1, https://goo.gl/fbAQLP

exports[`<LandingHeader /> it renders correctly 1`] = `
<header
  className="landing-header top-header"
  role="banner"
>
  <div
    className="landing-wrapper"
  >
    <nav
      className="landing-nav"
      role="navigation"
    >
      <LoginRegisterLink />
    </nav>
    <h1
      className="landing-logo"
    >
      <span
        className="visually-hidden"
      >
        Pivo-Check
      </span>
      <SVGLogo />
    </h1>
  </div>
</header>
`;
