// Jest Snapshot v1, https://goo.gl/fbAQLP

exports[`<Loader /> it renders correctly 1`] = `
<div
  className="loader-wrapper"
>
  <div
    className="loader"
  >
    Loading...
  </div>
</div>
`;
