exports[`<NoBreweries /> it renders correctly 1`] = `
<section
  className="no-cities">
  <p>
    Looks like there are no breweries here! Check back later, our database of breweries is updatedÂ frequently.
  </p>
</section>
`;
