// Jest Snapshot v1, https://goo.gl/fbAQLP

exports[`<NoCities /> it renders correctly 1`] = `
<section
  className="no-cities"
>
  <h2>
    Add a City!
  </h2>
  <p>
    Looks like you haven't added any cities to your checklist. Submit above to add a city full of breweries!
  </p>
</section>
`;
