exports[`<LandingPage /> it renders correctly 1`] = `
<div>
  <LandingHeader />
  <LandingContent />
</div>
`;
