exports[`<LoginRegisterLink /> it renders correctly 1`] = `
<Link
  replace={false}
  to="/login">
  Login/Register
</Link>
`;
